// Jest Snapshot v1, https://goo.gl/fbAQLP

exports[`matches App snapshot 1`] = `
<div
  className="App"
  data-testid="appCoin"
>
  <div
    className="input-sections"
  >
    <div
      className="input-sections-top"
    >
      <input
        aria-label="value-input"
        onChange={[Function]}
        type="number"
        value={1}
      />
    </div>
    <div
      className="input-sections-lower"
    >
      <select
        name="coin"
        onChange={[Function]}
        value="BTC"
      >
        <option
          value="BTC"
        >
          Bitcoin (BTC)
        </option>
        <option
          value="DGD"
        >
          Dodgecoin (DGD)
        </option>
        <option
          value="ETH"
        >
          Etherium (ETH)
        </option>
      </select>
      <div
        className="icon-section"
        onClick={[Function]}
      >
        <i
          className="fas fa-exchange-alt"
        />
      </div>
      <select
        name="currency"
        onChange={[Function]}
        value="USD"
      >
        <option
          value="USD"
        >
          United States Dollar "$" (USD)
        </option>
        <option
          value="GBP"
        >
          British Pounds "£" (GBP)
        </option>
        <option
          value="EUR"
        >
          Euro "€" (EUR)
        </option>
      </select>
    </div>
    <div
      className="information-section"
    >
      <div>
        1
         
        BTC
      </div>
      <div>
         = 
      </div>
      <div>
        0
         
        USD
      </div>
    </div>
  </div>
</div>
`;
